? Verifying lockfile against supply-chain policies (483 entries)...
Lockfile is up to date, resolution step is skipped
Progress: resolved 1, reused 0, downloaded 0, added 0
Packages: +23 -20
+++++++++++++++++++++++--------------------
Progress: resolved 23, reused 0, downloaded 0, added 0
Progress: resolved 23, reused 0, downloaded 1, added 0
Progress: resolved 23, reused 0, downloaded 15, added 15
Progress: resolved 23, reused 0, downloaded 21, added 21
Progress: resolved 23, reused 0, downloaded 23, added 23, done
✓ Lockfile passes supply-chain policies (483 entries in 14.7s)
.../node_modules/vue-demi postinstall$ node -e "try{require('./scripts/postinstall.js')}catch(e){}"
.../node_modules/vue-demi postinstall: Done

dependencies:
- vue 3.5.42
+ vue 3.5.43

Done in 15.3s using pnpm v11.17.0

 RUN  v3.2.6 /workspace/frontend

 ❯ src/features/admin-settings/__tests__/settingsGatewayResilienceModularization.spec.ts (2 tests | 1 failed) 8ms
   ✓ settings gateway resilience modularization > keeps the parent as a static gateway resilience card composition 1ms
   × settings gateway resilience modularization > keeps each original card template on the shared page context 6ms
     → expected 'f72f76ef998051b6103723348ab9ed9cdfd37…' to be 'c78190ebe0430d38d939afcd187759beb1e88…' // Object.is equality
 ❯ src/features/admin-accounts/__tests__/adminAccountsModularization.spec.ts (13 tests | 1 failed) 72ms
   ✓ admin accounts modularization > owns account-only DTOs in feature data while preserving compatibility exports 11ms
   × admin accounts modularization > keeps every feature runtime module within the maintenance target 33ms
     → presentation/widgets/CreateAccountDialog.vue: expected 1512 to be less than or equal to 1500
   ✓ admin accounts modularization > keeps the table and field modules statically owned by the accounts route chunk 1ms
   ✓ admin accounts modularization > keeps request lifecycle out of the table-only view 1ms
   ✓ admin accounts modularization > routes page requests through feature owners instead of the admin compatibility barrel 0ms
   ✓ admin accounts modularization > routes bulk edit actions through the account action owner 0ms
   ✓ admin accounts modularization > reads the global quota notification switch from its settings owner 0ms
   ✓ admin accounts modularization > routes scheduled test lifecycle calls through their datasource owner 0ms
   ✓ admin accounts modularization > routes OAuth composables through feature-owned action datasources 0ms
   ✓ admin accounts modularization > routes reauthorization widgets through account action owners 0ms
   ✓ admin accounts modularization > routes create and edit workflows through explicit account and settings owners 0ms
   ✓ admin accounts modularization > routes account import and CRS sync through query/action owners 25ms
   ✓ admin accounts modularization > preserves quota hydration, bounded batches, feedback timing, and refresh cadence 0ms
 ❯ src/features/admin-users/__tests__/UserEditDialog.spec.ts (1 test | 1 failed) 11ms
   × UserEditModal > preserves priority tier zero in the update payload 10ms
     → [🍍]: "getActivePinia()" was called but there was no active Pinia. Are you trying to use a store before calling "app.use(pinia)"?
See https://pinia.vuejs.org/core-concepts/outside-component-usage.html for help.
This will fail in production.
 ❯ src/features/auth/__tests__/RegisterViewCredentialStorage.spec.ts (1 test | 1 failed) 28ms
   × RegisterView credential storage > stores only non-secret metadata before navigating to email verification 27ms
     → expected "spy" to be called with arguments: [ '/email-verify' ][90m

Number of calls: [1m0[22m
[39m
 ❯ src/features/admin-users/__tests__/UsersPage.spec.ts (4 tests | 4 failed) 15ms
   × admin UsersView > shows active, used, and created activity columns in order and requests last_used_at sort 11ms
     → [🍍]: "getActivePinia()" was called but there was no active Pinia. Are you trying to use a store before calling "app.use(pinia)"?
See https://pinia.vuejs.org/core-concepts/outside-component-usage.html for help.
This will fail in production.
   × admin UsersView > clears usage current-page sort when switching to last_used_at server sort 2ms
     → [🍍]: "getActivePinia()" was called but there was no active Pinia. Are you trying to use a store before calling "app.use(pinia)"?
See https://pinia.vuejs.org/core-concepts/outside-component-usage.html for help.
This will fail in production.
   × admin UsersView > keeps selected user IDs across pages and clears them after a successful bulk update 1ms
     → [🍍]: "getActivePinia()" was called but there was no active Pinia. Are you trying to use a store before calling "app.use(pinia)"?
See https://pinia.vuejs.org/core-concepts/outside-component-usage.html for help.
This will fail in production.
   × admin UsersView > keeps the 300ms search debounce after the toolbar split 1ms
     → [🍍]: "getActivePinia()" was called but there was no active Pinia. Are you trying to use a store before calling "app.use(pinia)"?
See https://pinia.vuejs.org/core-concepts/outside-component-usage.html for help.
This will fail in production.

 Test Files  5 failed (5)
      Tests  8 failed | 13 passed (21)
   Start at  15:30:28
   Duration  1.98s (transform 2.06s, setup 274ms, collect 3.05s, tests 133ms, environment 1.62s, prepare 266ms)

