Preparing pnpm@11.17.0 for immediate activation...
make[1]: Entering directory '/workspace'

 RUN  v3.2.6 /workspace/frontend

 ✓ src/features/admin-usage/__tests__/UsageDetailDialog.spec.ts (4 tests) 65ms
 ✓ src/core/__tests__/credentialCryptoUsage.spec.ts (2 tests) 332ms
   ✓ credential crypto dependency scope > confines node-forge imports to the credential encryption fallback  309ms
 ✓ src/__tests__/dynamicLocaleMapping.spec.ts (1 test) 393ms
   ✓ dynamic locale mapping gate > requires every dynamic translation key construction to be explicitly reviewed  392ms
 ✓ src/common/pages/__tests__/HomePageCompact.spec.ts (11 tests) 125ms
 ✓ src/features/profile/__tests__/ProfileInfoCard.spec.ts (8 tests) 132ms
 ✓ src/features/auth/__tests__/WechatCallbackView.spec.ts (25 tests) 131ms
 ✓ src/features/billing/__tests__/PaymentResultPage.spec.ts (15 tests) 85ms
 ✓ src/features/billing/__tests__/PaymentPage.spec.ts (13 tests) 151ms
 ✓ src/features/auth/__tests__/LinuxDoCallbackView.spec.ts (17 tests) 160ms
 ✓ src/features/admin-usage/__tests__/UsageTable.spec.ts (22 tests) 189ms
 ✓ src/features/admin-usage/__tests__/UsageStatsCards.spec.ts (4 tests) 44ms
 ✓ src/common/widgets/data/__tests__/GroupOptionItem.spec.ts (11 tests) 96ms
 ✓ src/features/auth/__tests__/authProfileLocaleScopes.spec.ts (4 tests) 48ms
 ✓ src/features/channels-user/__tests__/customPageHtml.spec.ts (3 tests) 34ms
 ✓ src/core/utils/__tests__/homeContent.spec.ts (5 tests) 43ms
 ✓ src/core/routes/__tests__/adminRouteAccess.spec.ts (1 test) 55ms
 ✓ src/features/prompt-audit/__tests__/RuntimeOverview.spec.ts (1 test) 35ms
 ✓ src/core/utils/__tests__/embedded-url.spec.ts (7 tests) 10ms
 ✓ src/features/billing/__tests__/paymentLocaleScopes.spec.ts (4 tests) 38ms
 ✓ src/features/prompt-audit/__tests__/promptAuditLocale.spec.ts (4 tests) 4ms
 ✓ src/features/channels-user/__tests__/CustomLandingPage.security.spec.ts (4 tests) 2ms
 ✓ src/features/channel-monitor-user/__tests__/channelMonitorLocale.spec.ts (6 tests) 4ms
 ✓ src/core/utils/__tests__/usageLocale.spec.ts (4 tests) 7ms
 ✓ src/common/widgets/layout/__tests__/AppHeaderResponsive.spec.ts (2 tests) 1ms
 ✓ src/__tests__/dynamicHtmlSecurity.spec.ts (4 tests) 17ms
 ✓ src/features/admin-backup/presentation/pages/__tests__/backupStatus.spec.ts (4 tests) 2ms
 ✓ src/features/subscriptions/__tests__/subscriptionStatus.spec.ts (4 tests) 2ms
 ✓ src/features/admin-settings/__tests__/SettingsPage.spec.ts (54 tests) 2246ms
 ❯ src/core/i18n/__tests__/routeLocaleCoverage.spec.ts (3 tests | 1 failed) 4412ms
   ✓ locale coverage > keeps English and Chinese locale leaf keys in sync 14ms
   ✓ locale coverage > resolves every static locale key used by runtime source  1719ms
   × locale coverage > loads every statically reachable message for every route 2678ms
     → expected '/usage [en; base+user]: admin.usage.l…' to be '' // Object.is equality

 Test Files  1 failed | 28 passed (29)
      Tests  1 failed | 246 passed (247)
   Start at  15:45:52
   Duration  7.43s (transform 7.85s, setup 1.39s, collect 18.98s, tests 8.86s, environment 7.93s, prepare 1.52s)

make[1]: Leaving directory '/workspace'
