go: downloading golang.org/x/crypto v0.57.0
go: downloading golang.org/x/sys v0.48.0
go: downloading golang.org/x/term v0.46.0
go: downloading golang.org/x/text v0.42.0
go: downloading golang.org/x/tools v0.49.0
go: upgraded golang.org/x/crypto v0.54.0 => v0.57.0
go: upgraded golang.org/x/mod v0.38.0 => v0.41.0
go: upgraded golang.org/x/net v0.57.0 => v0.60.0
go: upgraded golang.org/x/sync v0.22.0 => v0.23.0
go: upgraded golang.org/x/sys v0.47.0 => v0.48.0
go: upgraded golang.org/x/term v0.45.0 => v0.46.0
go: upgraded golang.org/x/text v0.41.0 => v0.42.0
go: upgraded golang.org/x/tools v0.48.0 => v0.49.0
go: downloading github.com/mattn/go-sqlite3 v1.14.17
go: downloading github.com/bsm/ginkgo/v2 v2.12.0
go: downloading github.com/bsm/gomega v1.27.10
go: downloading go.uber.org/mock v0.6.0
go: downloading github.com/lufia/plan9stats v0.0.0-20211012122336-39d0f177ccd0
go: downloading github.com/power-devops/perfstat v0.0.0-20210106213030-5aafc221ea8c
go: downloading github.com/yusufpapurcu/wmi v1.2.4
go: downloading go.uber.org/goleak v1.3.0
go: downloading gopkg.in/check.v1 v1.0.0-20201130134442-10cb98267c6c
go: downloading github.com/xyproto/randomstring v1.0.5
go: downloading github.com/jackc/pgx/v5 v5.7.4
go: downloading modernc.org/fileutil v1.3.40
go: downloading github.com/google/pprof v0.0.0-20250317173921-a4b03ec1a45e
go: downloading github.com/agiledragon/gomonkey v2.0.2+incompatible
go: downloading github.com/sagikazarmark/locafero v0.4.0
go: downloading github.com/dlclark/regexp2 v1.11.0
go: downloading github.com/bytedance/sonic v1.9.1
go: downloading github.com/goccy/go-json v0.10.2
go: downloading github.com/json-iterator/go v1.1.12
go: downloading github.com/zeebo/xxh3 v1.1.0
go: downloading github.com/dgryski/go-farm v0.0.0-20200201041132-a6ae2369ad13
go: downloading github.com/stretchr/objx v0.5.3
go: downloading gotest.tools/v3 v3.5.2
go: downloading github.com/ebitengine/purego v0.8.4
go: downloading github.com/go-ole/go-ole v1.2.6
go: downloading github.com/benbjohnson/clock v1.1.0
go: downloading go.opentelemetry.io/otel/sdk v1.42.0
go: downloading github.com/go-playground/assert/v2 v2.2.0
go: downloading github.com/kr/pretty v0.3.1
go: downloading github.com/ncruces/go-strftime v1.0.0
go: downloading modernc.org/cc/v4 v4.27.1
go: downloading modernc.org/ccgo/v4 v4.30.1
go: downloading modernc.org/goabi0 v0.2.0
go: downloading github.com/sourcegraph/conc v0.3.0
go: downloading github.com/frankban/quicktest v1.14.6
go: downloading github.com/modern-go/concurrent v0.0.0-20180306012644-bacd9c7ef1dd
go: downloading github.com/modern-go/reflect2 v1.0.2
go: downloading github.com/klauspost/cpuid/v2 v2.2.10
go: downloading github.com/google/go-tpm-tools v0.3.13-0.20230620182252-4639ecce2aba
go: downloading github.com/quic-go/go-ossfuzz-seeds v0.1.0
go: downloading github.com/kr/text v0.2.0
go: downloading github.com/Microsoft/go-winio v0.6.2
go: downloading github.com/creack/pty v1.1.18
go: downloading github.com/jackc/pgpassfile v1.0.0
go: downloading github.com/jackc/pgservicefile v0.0.0-20240606120523-5a60cdf6a761
go: downloading github.com/jackc/puddle/v2 v2.2.2
go: downloading github.com/AdaLogics/go-fuzz-headers v0.0.0-20240806141605-e8a1dd7889d6
go: downloading modernc.org/opt v0.1.4
go: downloading modernc.org/sortutil v1.2.1
go: downloading modernc.org/strutil v1.2.1
go: downloading modernc.org/token v1.1.0
go: downloading modernc.org/gc/v2 v2.6.5
go: downloading github.com/chenzhuoyu/base64x v0.0.0-20221115062448-fe3a3abad311
go: downloading golang.org/x/arch v0.3.0
go: downloading github.com/go-test/deep v1.0.3
go: downloading github.com/kylelemons/godebug v1.1.0
go: downloading github.com/sergi/go-diff v1.3.1
go: downloading go.opentelemetry.io/otel/exporters/otlp/otlptrace/otlptracehttp v1.24.0
go: downloading go.opentelemetry.io/otel/exporters/otlp/otlptrace v1.24.0
go: downloading github.com/Azure/go-ansiterm v0.0.0-20210617225240-d185dfc1b5a1
go: downloading modernc.org/gc/v3 v3.1.1
go: downloading github.com/twitchyliquid64/golang-asm v0.15.1
go: downloading github.com/prashantv/gostub v1.1.0
go: downloading github.com/moby/sys/atomicwriter v0.1.0
go: downloading go.opentelemetry.io/proto/otlp v1.3.1
go: downloading google.golang.org/grpc v1.75.1
go: downloading github.com/hashicorp/golang-lru v0.5.4
go: downloading github.com/grpc-ecosystem/grpc-gateway/v2 v2.27.3
go: downloading golang.org/x/time v0.12.0
go: downloading google.golang.org/genproto/googleapis/api v0.0.0-20250929231259-57b25ae835d4
go: downloading google.golang.org/genproto/googleapis/rpc v0.0.0-20250929231259-57b25ae835d4
go: downloading google.golang.org/genproto v0.0.0-20231106174013-bbf56f31fb17
